KC2MVB	=KC2MBV	#Unique  7000 PH 2025-10-18 1705 AA2ZW   ERI   KC2MVB       SUF 
VA3HY	=VA3HYM	#Unique  7000 PH 2025-10-18 2043 AA2ZW   ERI   VA3HY        ON  
K2VK	=K2V	#Unique  7000 CW 2025-10-19 0051 AA2ZW   ERI   K2VK         VA  
KV2NY	=KX2NY	#Unique  7276 PH 2025-10-18 1517 AD2TM   CGO   KV2NY        ULS 
WA8SAN	=WA8KAN	#Unique  7218 PH 2025-10-18 1825 AD2TM   CGO   WA8SAN       WV  
VE3YW/M	=VE3YT	#Unique 14242 PH 2025-10-18 2028 AH2O    NAS   VE3YW/M      ON  
KF0N	=NF0N	#Unique  7259 PH 2025-10-18 2348 AH2O    NAS   KF0N         NE  
W3SU	=W3SD	#Unique  7218 PH 2025-10-19 0010 AH2O    NAS   W3SU         MD  
W2RC	=N2RC	#Unique  3500 CW 2025-10-19 0039 K0UU     MN   W2RC         SUF 
K2ZX	=N2ZX	#Unique  7036 CW 2025-10-18 2125 K0WRY    KS   K2ZX         SAR 
K2UV	=K2TV	#Unique 14044 CW 2025-10-18 1822 K2A     DUT   K2UV         NEW 
K2NY	=K2NV	#Unique 14039 CW 2025-10-18 2156 K2A     SCH   K2NY         PUT 
LY5E	=LY5A	#Unique 14049 CW 2025-10-18 1755 K2AL    ORA   LY5E         DX  
N2PB	=N2PP	#Unique  3810 PH 2025-10-18 2347 K2AL    ORA   N2PB         WAY 
AD4S	=KD4S	#Unique  3545 CW 2025-10-19 0004 K2AL    ORA   AD4S         SC  
W4SSG	=W4SIG	#Unique  7000 CW 2025-10-18 1522 K2EAG   SCU   W4SSG        CO  
N0IM	=N0SM	#Unique 14000 CW 2025-10-18 2040 K2EAG   SCU   N0IM         IA  
K0AB	=K0AD	#Unique  7000 CW 2025-10-18 2209 K2EAG   SCU   K0AB         MN  
K9PWT	=K9PW	#Unique 14251 PH 2025-10-18 1418 K2EP    REN   K9PWT        IN  
NK3YP	=K3YP	#Unique 14046 CW 2025-10-18 1738 K2IZ    SUF   NK3YP        OH  
K0IE	=K0II	#Unique  3540 CW 2025-10-19 0129 K2NV    ERI   K0IE         MN  
KC2WRL	=KC2WLR	#Unique  7181 PH 2025-10-18 1646 K2OEQ   WAY   KC2WRL       SCH 
KD4AJ	=KD4ARJ	#Unique  7221 PH 2025-10-18 1917 K2PTC   NAS   KD4AJ        VA  
WM0Z	=WW0Z	#Unique  7039 CW 2025-10-19 0055 K2QB    NIA   WM0Z         IA  
NY2P	=NY2A	#Unique  7000 CW 2025-10-18 1919 K2RSK   ERI   NY2P         RIC 
W2XX	=W2XB	#Unique  7035 CW 2025-10-18 1400 K2SSS   MON   W2XX         MON 
KD0NES	=KB0NES	#Unique  7038 CW 2025-10-19 0123 K2SSS   MON   KD0NES       MN  
N4JVG	=N4JVP	#Unique  7034 CW 2025-10-19 0033 K2V     MAD   N4JVG        GA  
K1RV	=K1RO	#Unique  7048 CW 2025-10-18 1452 K2XA    ALB   K1RV         MA  
K2VV	=K2NV	#Unique 21042 CW 2025-10-18 2033 K2XA    ALB   K2VV         MO  
K3YW	=K3YP	#Unique  3542 CW 2025-10-19 0024 K2XA    ALB   K3YW         OH  
KC2RM	=KC2LM	#Unique 14030 CW 2025-10-18 1528 K2ZR    NIA   KC2RM        NM  
N0DEX	=N5DEX	#Unique 14030 CW 2025-10-18 1546 K2ZR    NIA   N0DEX        NE  
W7RCH	=W7RCS	#Unique 14038 CW 2025-10-18 1950 K2ZR    NIA   W7RCH        WA  
N2SELO	=N2SLO	#Unique  7257 PH 2025-10-18 1842 K3RJS    PA   N2SELO       SUF 
W2EQ	=W2RQ	#Unique 21035 CW 2025-10-18 1615 K4RUM   SUF   W2EQ         NJ  
KD2S	=KD4S	#Unique  3552 CW 2025-10-18 2353 KC2KY   SUF   KD2S         SC  
W2CW	=W2OW	#Unique  7046 CW 2025-10-18 1601 KC3KRZ   PA   W2CW         TIO 
N8RC	=N2RC	#Unique 14249 PH 2025-10-18 1745 KD2CTZ  COR   N8RC         MI  
KB2FDK	=KB2FAK	#Unique  7254 PH 2025-10-18 2245 KD2DLL  SCH   KB2FDK       TIO 
K2YN	=K2MN	#Unique  7177 PH 2025-10-18 2316 KD2EFR  NIA   K2YN         SC  
K3AJ	=K1AJ	#Unique 14013 CW 2025-10-18 1946 KD2KEH  ERI   K3AJ         MD  
K2ICU	=K2ICQ	#Unique  7242 PH 2025-10-18 1549 KE2EGF  NIA   K2ICU        WAR 
WV0YYE	=WB0YYE	#Unique 14340 PH 2025-10-18 2120 KE2EVX  BRM   WV0YYE       NB  
W2MQ	=W2M	#Unique 14042 CW 2025-10-18 2301 KE2SD   ULS   W2MQ         SUF 
N2JIM	=N2EIM	#Unique 14341 PH 2025-10-18 1743 KM2O    ALB   N2JIM        MN  
VE3IFH	=VE3IFT	#Unique  7212 PH 2025-10-18 2131 KM2O    ALB   VE3IFH       ON  
K5LE	=K5GE	#Unique 14289 PH 2025-10-18 2314 KN2M    ERI   K5LE         OK  
N0LH/M	=N0LY	#Unique 14343 PH 2025-10-18 1958 KO8SCA  ONO   N0LH/M       KS  
KR3G	=KF3G	#Unique 14343 PH 2025-10-18 2059 KO8SCA  ONO   KR3G         AL  
NK2Y	=N2Y	#Unique  3545 CW 2025-10-19 0059 KO8SCA  ONO   NK2Y         DUT 
WA2QAN	=WA2QAU	#Unique  7000 PH 2025-10-18 1835 KQ2R    PUT   WA2QAN       ORL 
WA2LMH	=WA2LMC	#Unique  7224 PH 2025-10-18 2015 KS2G    NAS   WA2LMH       NJ  
N9XA	=N9GXA	#Unique 14241 PH 2025-10-18 2254 KS2G    NAS   N9XA         IN  
K3GHX/2	=K3GHH	#Unique  7037 CW 2025-10-18 2107 KV2X    SEN   K3GHX/2      ESS 
WV2M	=W2M	#Unique 14000 CW 2025-10-18 2256 KW4GF    VA   WV2M         YAT 
AD3TM	=AD2TM	#Unique  7277 PH 2025-10-18 1517 KX2NY   ULS   AD3TM        CGO 
K3JNN	=KA3JNN	#Unique 14037 CW 2025-10-18 1745 KX2NY   ULS   K3JNN        MD  
KI0AD	=K0AD	#Unique 21278 PH 2025-10-18 1831 KX2NY   ULS   KI0AD        CO  
W9DKD	=W9DKB	#Unique 14040 CW 2025-10-18 2054 KX2NY   ULS   W9DKD        WI  
N2JZ	=N2JJ	#Unique  7032 CW 2025-10-18 2113 KX2NY   ULS   N2JZ         NJ  
N2BOG	=N2BOC	#Unique  7000 PH 2025-10-18 1424 N1GBE   DUT   N2BOG        DUT 
K0SM	=N0SM	#Unique 14047 CW 2025-10-18 2056 N2GA    SUF   K0SM         IA  
NI3V	=NI3H	#Unique  3535 CW 2025-10-19 0044 N2GA    SUF   NI3V         PA  
N0AFT	=N0AT	#Unique 21297 PH 2025-10-18 1443 N2MEE   ULS   N0AFT        MO  
DA3W	=DA3M	#Unique  3534 CW 2025-10-19 0000 N2MF    ONO   DA3W         DX  
NE3R	=NE2R	#Unique  7032 CW 2025-10-19 0040 N2MF    ONO   NE3R         NJ  
WB2KAG	=WB2KAO	#Unique  7038 CW 2025-10-19 0151 N2MF    ONO   WB2KAG       ALB 
N9CC	=K9CC	#Unique 14035 CW 2025-10-18 1407 N2PA    STE   N9CC         IL  
KC2YMO	=KC2YME	#Unique  7250 PH 2025-10-18 2109 N2PA    STE   KC2YMO       ONE 
KU0I	=KV0I	#Unique  7035 CW 2025-10-19 0106 N2PA    STE   KU0I         NE  
N5PP	=N5EP	#Unique  7041 CW 2025-10-18 1424 N2PP    ONO   N5PP         OK  
KE2EF	=KE2EGF	#Unique 14244 PH 2025-10-18 1616 N2PP    ONO   KE2EF        FL  
KW2KRT	=W2KRT	#Unique  7222 PH 2025-10-18 1809 N2PP    ONO   KW2KRT       NJ  
KC1MZQ	=KC1WZQ	#Unique  7032 CW 2025-10-19 0019 N2PP    ONO   KC1MZQ       MA  
K5YQ	=K5QQ	#Unique  3534 CW 2025-10-19 0159 N2PP    ONO   K5YQ         MO  
K0TK	=N0TK	#Unique 21038 CW 2025-10-18 1905 N2T     HER   K0TK         CO  
KE9CTJ/P	=KE9CDJ	#Unique 14000 PH 2025-10-18 1731 N2TO    RIC   KE9CTJ/P     IL  
WA5NTK	=WA5DTK	#Unique 14046 CW 2025-10-18 1841 N2ZX    SAR   WA5NTK       TX  
K0WNY	=K0WRY	#Unique  7036 CW 2025-10-18 2125 N2ZX    SAR   K0WNY        KS  
NI3HE	=NI3H	#Unique  3537 CW 2025-10-19 0047 N2ZX    SAR   NI3HE        GA  
KB0NEI	=KB0NES	#Unique  7036 CW 2025-10-19 0121 N2ZX    SAR   KB0NEI       MN  
NI8M	=NI8W	#Unique  7125 PH 2025-10-18 1432 N3KTA   CAT   NI8M         OH  
N3BOC	=N2BOC	#Unique 21000 PH 2025-10-18 1917 N7LRG    WA   N3BOC        DUT 
KE2DA	=KE2FDA	#Unique  7000 PH 2025-10-18 1427 N8II     WV   KE2DA        CHE 
NY2BB	=N2YBB	#Unique  7188 PH 2025-10-18 1540 N9MS     NC   NY2BB        RIC 
N5AW	=N5KW	#Unique 14036 CW 2025-10-18 1613 NJ1F    SAR   N5AW         TX  
WX8F	=WX8C	#Unique  7032 CW 2025-10-18 2200 NJ1F    SAR   WX8F         NJ  
NS8J	=NS8O	#Unique 14043 CW 2025-10-18 1939 NM2A    OSW   NS8J         OH  
K7IA	=K7EA	#Unique 14043 CW 2025-10-18 1942 NM2A    OSW   K7IA         NM  
VE3YTN	=VE3YT	#Unique  7235 PH 2025-10-18 1822 NQ2U    SCO   VE3YTN       ON  
VE3YTG	=VE3YT	#Unique  7235 PH 2025-10-18 1822 NQ2U    SCO   VE3YTG       ON  
W2ICQ	=K2ICQ	#Unique  7000 PH 2025-10-18 1826 VE2KLW   QC   W2ICQ        WAS 
KE2EG	=KE2EGF	#Unique 14044 CW 2025-10-18 2116 W0BM     MN   KE2EG        NIA 
W2IXE	=W2DXE	#Unique  7000 CW 2025-10-18 1500 W0ZQ     MN   W2IXE        ERI 
W8PU	=W8PI	#Unique 14000 PH 2025-10-18 1953 W2AAA   ORL   W8PU         OH  
KD4RJ	=KD4ARJ	#Unique  7229 PH 2025-10-18 2152 W2CCC   HER   KD4RJ        VA  
W2N	=W2M	#Unique 14000 CW 2025-10-18 1635 W2DXE   ERI   W2N          NJ  
KC3OC	=KC3OQ	#Unique  7000 PH 2025-10-18 1521 W2E     ERI   KC3OC        ME  
N3FT	=N3FTO	#Unique  7049 CW 2025-10-18 2009 W2ELS   MON   N3FT         CO  
WA2J	=WW2J	#Unique 14025 CW 2025-10-18 1748 W2FU    MON   WA2J         MON 
KE2CSP	=KE2CSB	#Unique  7252 PH 2025-10-18 2018 W2FU    MON   KE2CSP       ESS 
VE3MDK	=VE3MDX	#Unique  3800 PH 2025-10-19 0101 W2GDJ   REN   VE3MDK       ON  
K4EAQ	=K4EAK	#Unique 14055 CW 2025-10-18 1549 W2GR    NIA   K4EAQ        GA  
K2MY	=K2MYQ	#Unique 14042 CW 2025-10-18 1928 W2GR    NIA   K2MY         ME  
K0FD	=K0AD	#Unique 14042 CW 2025-10-18 1942 W2GR    NIA   K0FD         MO  
K8MH	=K8MR	#Unique 14042 CW 2025-10-18 1946 W2GR    NIA   K8MH         MI  
K2NM	=KN2M	#Unique  3500 PH 2025-10-19 0030 W2HMT   COL   K2NM         ERI 
N9DPRE	=N9DPR	#Unique 14254 PH 2025-10-18 1435 W2M     YAT   N9DPRE       IN  
DR6T	=DP6T	#Unique 21300 PH 2025-10-18 1822 W2M     YAT   DR6T         DX  
W2NDQ	=W2DQ	#Unique 14046 CW 2025-10-18 2114 W2M     YAT   W2NDQ        SUF 
KC3CRZ	=KC3KRZ	#Unique  7000 CW 2025-10-18 1557 W2OW    BRM   KC3CRZ       PA  
K5DX	=K5YX	#Unique 14258 PH 2025-10-18 1409 W2PJ    ONO   K5DX         MS  
W9KZQ	=W9KXQ	#Unique 14258 PH 2025-10-18 1450 W2PJ    ONO   W9KZQ        IL  
W0ZU	=W0ZQ	#Unique 14247 PH 2025-10-18 1604 W2PJ    ONO   W0ZU         MO  
NG9B	=NX9B	#Unique 14247 PH 2025-10-18 1913 W2PJ    ONO   NG9B         WI  
K2SO	=K2OS	#Unique 14000 CW 2025-10-18 1416 W2SO    ERI   K2SO         SC  
SN2B	=N2B	#Unique 14000 CW 2025-10-18 1511 W2SO    ERI   SN2B         DX  
N5NLP	=N5MLP	#Unique  3848 PH 2025-10-19 0035 W2TB    ERI   N5NLP        SCO 
WW0G	=WW0Z	#Unique  7039 CW 2025-10-19 0124 W2TB    ERI   WW0G         IA  
KK4KE	=KK4TE	#Unique  7034 CW 2025-10-18 1853 W2TZ    STE   KK4KE        NC  
N1JF	=NJ1F	#Unique 14025 CW 2025-10-18 1650 W4YE     VA   N1JF         SAR 
WB0M	=W0BM	#Unique 21364 PH 2025-10-18 1720 WA2CP   RIC   WB0M         NE  
WY0Q	=KY0Q	#Unique  7240 PH 2025-10-19 0000 WA2CP   RIC   WY0Q         MO  
W2HL	=W2QL	#Unique 14312 PH 2025-10-18 2140 WA2DE   KIN   W2HL         QUE 
K2LEH	=K2LE	#Unique  7289 PH 2025-10-18 2050 WA2DNI  RIC   K2LEH        NIA 
WA0ENP	=WA0KNP	#Unique 21340 PH 2025-10-18 2205 WA2DNI  RIC   WA0ENP       MN  
W1OW	=W2OW	#Unique  7000 PH 2025-10-18 2113 WA2GOT  ULS   W1OW         MA  
WO3O	=WO4O	#Unique 21039 CW 2025-10-18 2019 WA2NYY  DUT   WO3O         IL  
K7ZS	=K7SS	#Unique 21290 PH 2025-10-18 2154 WA2QAU  ORL   K7ZS         OR  
KB3NHK	=KB3NSK	#Unique  7038 CW 2025-10-18 1905 WB2AMN  STL   KB3NHK       PA  
W2WCT	=W2WC	#Unique  7034 CW 2025-10-18 2235 WB2AMN  STL   W2WCT        SAR 
K4GHX	=K4GSX	#Unique  7044 CW 2025-10-18 2347 WB2AMN  STL   K4GHX        GA  
N3PM	=N3AM	#Unique  7044 CW 2025-10-19 0012 WB2AMN  STL   N3PM         PA  
K4FIO	=K4FTO	#Unique  7125 PH 2025-10-18 1433 WB2JLR  ONT   K4FIO        VA  
K2MD	=K2MN	#Unique  7038 CW 2025-10-18 1952 WW2Y    FRA   K2MD         NJ  
W5UY	=W0UY	#Unique 14242 PH 2025-10-18 2129 WW2Y    FRA   W5UY         TX  
AE8M	=AE8EM	#Unique  3824 PH 2025-10-18 2326 WW2Y    FRA   AE8M         OH  
W8JPY	=W8JAY	#Unique  3827 PH 2025-10-19 0026 WW2Y    FRA   W8JPY        IL  
